
宸叉垚鍔熺敓鎴愩€?
    76 涓鍛?
    0 涓敊璇?

宸茬敤鏃堕棿 00:00:30.89
