  正在确定要还原的项目…
  所有项目均是最新的，无法还原。
F:\Download\GitHub\YiboFile\YiboFile-Core\Handlers\LibraryEventHandler.cs(82,45): error CS1061: “FileBrowserControl”未包含“NavUpEnabled”的定义，并且找不到可接受第一个“FileBrowserControl”类型参数的可访问扩展方法“NavUpEnabled”(是否缺少 using 指令或程序集引用?) [F:\Download\GitHub\YiboFile\YiboFile-Core\YiboFile-Core_b4bgup4g_wpftmp.csproj]
F:\Download\GitHub\YiboFile\YiboFile-Core\Services\Core\Bridges\FileBrowserBridge.cs(69,22): error CS1061: “FileBrowserControl”未包含“TabsVisible”的定义，并且找不到可接受第一个“FileBrowserControl”类型参数的可访问扩展方法“TabsVisible”(是否缺少 using 指令或程序集引用?) [F:\Download\GitHub\YiboFile\YiboFile-Core\YiboFile-Core_b4bgup4g_wpftmp.csproj]
F:\Download\GitHub\YiboFile\YiboFile-Core\Services\Core\Bridges\FileBrowserBridge.cs(78,22): error CS1061: “FileBrowserControl”未包含“NavUpEnabled”的定义，并且找不到可接受第一个“FileBrowserControl”类型参数的可访问扩展方法“NavUpEnabled”(是否缺少 using 指令或程序集引用?) [F:\Download\GitHub\YiboFile\YiboFile-Core\YiboFile-Core_b4bgup4g_wpftmp.csproj]
F:\Download\GitHub\YiboFile\YiboFile-Core\Services\UI\UiLayoutMcp.cs(111,57): error CS1061: “FileBrowserControl”未包含“TabsVisible”的定义，并且找不到可接受第一个“FileBrowserControl”类型参数的可访问扩展方法“TabsVisible”(是否缺少 using 指令或程序集引用?) [F:\Download\GitHub\YiboFile\YiboFile-Core\YiboFile-Core_b4bgup4g_wpftmp.csproj]
F:\Download\GitHub\YiboFile\YiboFile-Core\Services\UI\Navigation\NavigationModeService.cs(179,39): error CS1061: “FileBrowserControl”未包含“TabsVisible”的定义，并且找不到可接受第一个“FileBrowserControl”类型参数的可访问扩展方法“TabsVisible”(是否缺少 using 指令或程序集引用?) [F:\Download\GitHub\YiboFile\YiboFile-Core\YiboFile-Core_b4bgup4g_wpftmp.csproj]
F:\Download\GitHub\YiboFile\YiboFile-Core\Services\UI\Navigation\NavigationModeService.cs(207,39): error CS1061: “FileBrowserControl”未包含“TabsVisible”的定义，并且找不到可接受第一个“FileBrowserControl”类型参数的可访问扩展方法“TabsVisible”(是否缺少 using 指令或程序集引用?) [F:\Download\GitHub\YiboFile\YiboFile-Core\YiboFile-Core_b4bgup4g_wpftmp.csproj]
F:\Download\GitHub\YiboFile\YiboFile-Core\Services\UI\Navigation\NavigationModeService.cs(244,39): error CS1061: “FileBrowserControl”未包含“TabsVisible”的定义，并且找不到可接受第一个“FileBrowserControl”类型参数的可访问扩展方法“TabsVisible”(是否缺少 using 指令或程序集引用?) [F:\Download\GitHub\YiboFile\YiboFile-Core\YiboFile-Core_b4bgup4g_wpftmp.csproj]
F:\Download\GitHub\YiboFile\YiboFile-Core\Services\UI\Navigation\NavigationModeService.cs(274,39): error CS1061: “FileBrowserControl”未包含“NavBackEnabled”的定义，并且找不到可接受第一个“FileBrowserControl”类型参数的可访问扩展方法“NavBackEnabled”(是否缺少 using 指令或程序集引用?) [F:\Download\GitHub\YiboFile\YiboFile-Core\YiboFile-Core_b4bgup4g_wpftmp.csproj]
F:\Download\GitHub\YiboFile\YiboFile-Core\Services\UI\Navigation\NavigationModeService.cs(275,39): error CS1061: “FileBrowserControl”未包含“NavForwardEnabled”的定义，并且找不到可接受第一个“FileBrowserControl”类型参数的可访问扩展方法“NavForwardEnabled”(是否缺少 using 指令或程序集引用?) [F:\Download\GitHub\YiboFile\YiboFile-Core\YiboFile-Core_b4bgup4g_wpftmp.csproj]
F:\Download\GitHub\YiboFile\YiboFile-Core\Services\UI\Navigation\NavigationModeService.cs(295,39): error CS1061: “FileBrowserControl”未包含“NavUpEnabled”的定义，并且找不到可接受第一个“FileBrowserControl”类型参数的可访问扩展方法“NavUpEnabled”(是否缺少 using 指令或程序集引用?) [F:\Download\GitHub\YiboFile\YiboFile-Core\YiboFile-Core_b4bgup4g_wpftmp.csproj]
F:\Download\GitHub\YiboFile\YiboFile-Core\Controls\NavigationRailControl.xaml.cs(19,35): warning CS0067: 从不使用事件“NavigationRailControl.LayoutWorkRequested” [F:\Download\GitHub\YiboFile\YiboFile-Core\YiboFile-Core_b4bgup4g_wpftmp.csproj]
F:\Download\GitHub\YiboFile\YiboFile-Core\Controls\NavigationRailControl.xaml.cs(20,35): warning CS0067: 从不使用事件“NavigationRailControl.LayoutFullRequested” [F:\Download\GitHub\YiboFile\YiboFile-Core\YiboFile-Core_b4bgup4g_wpftmp.csproj]
F:\Download\GitHub\YiboFile\YiboFile-Core\Controls\NavigationRailControl.xaml.cs(18,35): warning CS0067: 从不使用事件“NavigationRailControl.LayoutFocusRequested” [F:\Download\GitHub\YiboFile\YiboFile-Core\YiboFile-Core_b4bgup4g_wpftmp.csproj]
F:\Download\GitHub\YiboFile\YiboFile-Core\Controls\NavigationRailControl.xaml.cs(21,35): warning CS0067: 从不使用事件“NavigationRailControl.DualListToggleRequested” [F:\Download\GitHub\YiboFile\YiboFile-Core\YiboFile-Core_b4bgup4g_wpftmp.csproj]

生成失败。

F:\Download\GitHub\YiboFile\YiboFile-Core\Controls\NavigationRailControl.xaml.cs(19,35): warning CS0067: 从不使用事件“NavigationRailControl.LayoutWorkRequested” [F:\Download\GitHub\YiboFile\YiboFile-Core\YiboFile-Core_b4bgup4g_wpftmp.csproj]
F:\Download\GitHub\YiboFile\YiboFile-Core\Controls\NavigationRailControl.xaml.cs(20,35): warning CS0067: 从不使用事件“NavigationRailControl.LayoutFullRequested” [F:\Download\GitHub\YiboFile\YiboFile-Core\YiboFile-Core_b4bgup4g_wpftmp.csproj]
F:\Download\GitHub\YiboFile\YiboFile-Core\Controls\NavigationRailControl.xaml.cs(18,35): warning CS0067: 从不使用事件“NavigationRailControl.LayoutFocusRequested” [F:\Download\GitHub\YiboFile\YiboFile-Core\YiboFile-Core_b4bgup4g_wpftmp.csproj]
F:\Download\GitHub\YiboFile\YiboFile-Core\Controls\NavigationRailControl.xaml.cs(21,35): warning CS0067: 从不使用事件“NavigationRailControl.DualListToggleRequested” [F:\Download\GitHub\YiboFile\YiboFile-Core\YiboFile-Core_b4bgup4g_wpftmp.csproj]
F:\Download\GitHub\YiboFile\YiboFile-Core\Handlers\LibraryEventHandler.cs(82,45): error CS1061: “FileBrowserControl”未包含“NavUpEnabled”的定义，并且找不到可接受第一个“FileBrowserControl”类型参数的可访问扩展方法“NavUpEnabled”(是否缺少 using 指令或程序集引用?) [F:\Download\GitHub\YiboFile\YiboFile-Core\YiboFile-Core_b4bgup4g_wpftmp.csproj]
F:\Download\GitHub\YiboFile\YiboFile-Core\Services\Core\Bridges\FileBrowserBridge.cs(69,22): error CS1061: “FileBrowserControl”未包含“TabsVisible”的定义，并且找不到可接受第一个“FileBrowserControl”类型参数的可访问扩展方法“TabsVisible”(是否缺少 using 指令或程序集引用?) [F:\Download\GitHub\YiboFile\YiboFile-Core\YiboFile-Core_b4bgup4g_wpftmp.csproj]
F:\Download\GitHub\YiboFile\YiboFile-Core\Services\Core\Bridges\FileBrowserBridge.cs(78,22): error CS1061: “FileBrowserControl”未包含“NavUpEnabled”的定义，并且找不到可接受第一个“FileBrowserControl”类型参数的可访问扩展方法“NavUpEnabled”(是否缺少 using 指令或程序集引用?) [F:\Download\GitHub\YiboFile\YiboFile-Core\YiboFile-Core_b4bgup4g_wpftmp.csproj]
F:\Download\GitHub\YiboFile\YiboFile-Core\Services\UI\UiLayoutMcp.cs(111,57): error CS1061: “FileBrowserControl”未包含“TabsVisible”的定义，并且找不到可接受第一个“FileBrowserControl”类型参数的可访问扩展方法“TabsVisible”(是否缺少 using 指令或程序集引用?) [F:\Download\GitHub\YiboFile\YiboFile-Core\YiboFile-Core_b4bgup4g_wpftmp.csproj]
F:\Download\GitHub\YiboFile\YiboFile-Core\Services\UI\Navigation\NavigationModeService.cs(179,39): error CS1061: “FileBrowserControl”未包含“TabsVisible”的定义，并且找不到可接受第一个“FileBrowserControl”类型参数的可访问扩展方法“TabsVisible”(是否缺少 using 指令或程序集引用?) [F:\Download\GitHub\YiboFile\YiboFile-Core\YiboFile-Core_b4bgup4g_wpftmp.csproj]
F:\Download\GitHub\YiboFile\YiboFile-Core\Services\UI\Navigation\NavigationModeService.cs(207,39): error CS1061: “FileBrowserControl”未包含“TabsVisible”的定义，并且找不到可接受第一个“FileBrowserControl”类型参数的可访问扩展方法“TabsVisible”(是否缺少 using 指令或程序集引用?) [F:\Download\GitHub\YiboFile\YiboFile-Core\YiboFile-Core_b4bgup4g_wpftmp.csproj]
F:\Download\GitHub\YiboFile\YiboFile-Core\Services\UI\Navigation\NavigationModeService.cs(244,39): error CS1061: “FileBrowserControl”未包含“TabsVisible”的定义，并且找不到可接受第一个“FileBrowserControl”类型参数的可访问扩展方法“TabsVisible”(是否缺少 using 指令或程序集引用?) [F:\Download\GitHub\YiboFile\YiboFile-Core\YiboFile-Core_b4bgup4g_wpftmp.csproj]
F:\Download\GitHub\YiboFile\YiboFile-Core\Services\UI\Navigation\NavigationModeService.cs(274,39): error CS1061: “FileBrowserControl”未包含“NavBackEnabled”的定义，并且找不到可接受第一个“FileBrowserControl”类型参数的可访问扩展方法“NavBackEnabled”(是否缺少 using 指令或程序集引用?) [F:\Download\GitHub\YiboFile\YiboFile-Core\YiboFile-Core_b4bgup4g_wpftmp.csproj]
F:\Download\GitHub\YiboFile\YiboFile-Core\Services\UI\Navigation\NavigationModeService.cs(275,39): error CS1061: “FileBrowserControl”未包含“NavForwardEnabled”的定义，并且找不到可接受第一个“FileBrowserControl”类型参数的可访问扩展方法“NavForwardEnabled”(是否缺少 using 指令或程序集引用?) [F:\Download\GitHub\YiboFile\YiboFile-Core\YiboFile-Core_b4bgup4g_wpftmp.csproj]
F:\Download\GitHub\YiboFile\YiboFile-Core\Services\UI\Navigation\NavigationModeService.cs(295,39): error CS1061: “FileBrowserControl”未包含“NavUpEnabled”的定义，并且找不到可接受第一个“FileBrowserControl”类型参数的可访问扩展方法“NavUpEnabled”(是否缺少 using 指令或程序集引用?) [F:\Download\GitHub\YiboFile\YiboFile-Core\YiboFile-Core_b4bgup4g_wpftmp.csproj]
    4 个警告
    10 个错误

已用时间 00:00:02.28
